// Jest Snapshot v1, https://goo.gl/fbAQLP

exports[`Data:  renders a snapshot of requestsData data 1`] = `
Array [
  Object {
    "affiliate_name": "Adeyemi Samuel",
    "date_created": "2021-12-13",
    "id": 1,
    "notes": "This is a note",
    "notes_read": true,
    "number_of_sales": 12,
    "product_name": "Product Name",
    "product_type_id": 3,
    "reported": true,
    "status": "Approved",
  },
  Object {
    "affiliate_name": "Mary Jane",
    "date_created": "2022-1-11",
    "id": 2,
    "notes": "This is a note",
    "notes_read": false,
    "number_of_sales": 5,
    "product_name": "Coding Tutorial",
    "product_type_id": 1,
    "reported": false,
    "status": "Declined",
  },
  Object {
    "affiliate_name": "Paul Jones",
    "date_created": "2021-3-5",
    "id": 3,
    "notes": "This is a note",
    "notes_read": true,
    "number_of_sales": 1,
    "product_name": "Testing Testing",
    "product_type_id": 2,
    "reported": false,
    "status": "Approved",
  },
  Object {
    "affiliate_name": "Peter Pan",
    "date_created": "2021-12-25",
    "id": 4,
    "notes": "This is a note",
    "notes_read": false,
    "number_of_sales": 25,
    "product_name": "The Role of Coding in Engineering",
    "product_type_id": 3,
    "reported": false,
    "status": "Revoked",
  },
  Object {
    "affiliate_name": "Peter Parker",
    "date_created": "2021-10-1",
    "id": 5,
    "notes": "This is a note",
    "notes_read": true,
    "number_of_sales": 5,
    "product_name": "Hello World",
    "product_type_id": 1,
    "reported": false,
    "status": "Approved",
  },
  Object {
    "affiliate_name": "Sun Tzu",
    "date_created": "2020-5-27",
    "id": 6,
    "notes": "This is a note",
    "notes_read": true,
    "number_of_sales": 1000,
    "product_name": "The Art of War",
    "product_type_id": 2,
    "reported": true,
    "status": "Approved",
  },
  Object {
    "affiliate_name": "Pete Aurelio",
    "date_created": "2022-1-11",
    "id": 7,
    "notes": "This is a note",
    "notes_read": true,
    "number_of_sales": 30,
    "product_name": "Maxim Maxima",
    "product_type_id": 3,
    "reported": false,
    "status": "Declined",
  },
  Object {
    "affiliate_name": "Dean Winchester",
    "date_created": "2022-2-14",
    "id": 8,
    "notes": "This is a note",
    "notes_read": true,
    "number_of_sales": 2500,
    "product_name": "Console Dot Log",
    "product_type_id": 2,
    "reported": false,
    "status": "Revoked",
  },
]
`;

exports[`Data:  renders a snapshot of statusArr data 1`] = `
Array [
  Object {
    "label": "All",
    "type": "All",
  },
  Object {
    "label": "Pending",
    "type": "Pending",
  },
  Object {
    "label": "Approved",
    "type": "Approved",
  },
  Object {
    "label": "Denied",
    "type": "Denied",
  },
]
`;
