// Jest Snapshot v1, https://goo.gl/fbAQLP

exports[`renders a snapshot of <RenderQuillHTML /> 1`] = `
<div
  className="container"
>
  <div
    className="ql-container ql-snow"
  >
    <div
      className="ql-editor"
      dangerouslySetInnerHTML={
        Object {
          "__html": "<h1>here it comes!</h1>",
        }
      }
    />
  </div>
</div>
`;
