// Jest Snapshot v1, https://goo.gl/fbAQLP

exports[`renders a snapshot of <KreatorInfo /> with mock props 1`] = `
Array [
  "mock children",
  <a
    className="store__link"
    href="/account/affiliate/preview/kreator/mock-link"
    onClick={[Function]}
    onMouseEnter={[Function]}
  >
    Visit Store   
    <svg
      fill="none"
      height="1em"
      stroke="currentColor"
      strokeWidth="0"
      style={
        Object {
          "color": undefined,
        }
      }
      viewBox="0 0 24 24"
      width="1em"
      xmlns="http://www.w3.org/2000/svg"
    >
      <path
        d="M10 6H6a2 2 0 00-2 2v10a2 2 0 002 2h10a2 2 0 002-2v-4M14 4h6m0 0v6m0-6L10 14"
        strokeLinecap="round"
        strokeLinejoin="round"
        strokeWidth="2"
      />
    </svg>
  </a>,
]
`;
