// Jest Snapshot v1, https://goo.gl/fbAQLP

exports[`TabItem :  renders a snapshot of <TabItem /> 1`] = `
<div>
  mock tabItem child
</div>
`;

exports[`Tabs :  renders a snapshot of <Tabs /> WITH mock props 1`] = `
<ul
  className="jsx-3128938153 tab-wrapper"
/>
`;

exports[`Tabs :  renders a snapshot of <Tabs /> WITH no props 1`] = `
<ul
  className="jsx-3128938153 tab-wrapper"
/>
`;
