// Jest Snapshot v1, https://goo.gl/fbAQLP

exports[`renders a snapshot of productColumns data 1`] = `
Array [
  Object {
    "dataIndex": "product_name",
    "title": "Product",
  },
  Object {
    "dataIndex": "kreator_name",
    "render": [Function],
    "title": "Kreator",
  },
  Object {
    "dataIndex": "product_type_id",
    "render": [Function],
    "title": "Product Type",
  },
  Object {
    "dataIndex": "date_created",
    "render": [Function],
    "sortDirections": Array [
      "descend",
      "ascend",
      "descend",
    ],
    "sorter": [Function],
    "title": "Launch Date",
  },
  Object {
    "dataIndex": "number_of_sales",
    "render": [Function],
    "sortDirections": Array [
      "descend",
      "ascend",
      "descend",
    ],
    "sorter": [Function],
    "title": "No of Sales",
  },
  Object {
    "dataIndex": "",
    "render": [Function],
    "title": "Performance",
  },
  Object {
    "dataIndex": "affiliate_percentage_on_sales",
    "render": [Function],
    "title": "Commission (%)",
  },
  Object {
    "dataIndex": "",
    "render": [Function],
    "title": "Action",
  },
]
`;
