// Jest Snapshot v1, https://goo.gl/fbAQLP

exports[`renders a snapshot of <CookiePolicy /> 1`] = `
<section
  className="tabs"
>
  <div
    className="item"
  >
    <h2
      className="heading"
    >
      Cookies and Tracking Technologies
    </h2>
    <h3
      className="question"
    >
      1. What is Cookie?
    </h3>
    <div
      className="answer"
    >
      <p
        className="packed"
      >
        We use Cookies and similar tracking technologies to track the activity on Our Service 
            and store certain information. Tracking technologies used are beacons, tags, and scripts to collect and track 
            information and to improve and analyze Our Service. The technologies We use may include:
      </p>
    </div>
    <h4
      className="qLower"
    >
      1.1. Cookies or Browser Cookies:
    </h4>
    <div
      className="answer"
    >
      <p
        className="packed"
      >
        A cookie is a small piece of data (text file) that a website - when visited by a user – asks your browser 
            to store on your device. These cookies will help our Service, or other websites affiliated to us, 
            to recognise your device the next time you visit and help optimise the functionality of our Service 
            and/or any of our application(s). We use the term "cookies" in this policy to refer to all files that
            collect information in this way.
      </p>
    </div>
    <h4
      className="qLower"
    >
      1.2. Analytics:
    </h4>
    <div
      className="answer"
    >
      <p
        className="packed"
      >
        We may use third-party service providers to monitor and analyze the use of our Web Sites.
      </p>
      <p
        className="packed"
      >
         Google Analytics is a web analytics service offered by Google that tracks and reports website traffic. 
            Google uses the data collected to track and monitor the use of our Web Sites. This data is shared with other Google services.
             Google may use the collected data to contextualize and personalize the ads of its own advertising network.
            You can opt-out of having made your activity on the Web Sites available to Google Analytics by installing 
            the Google Analytics opt-out browser add-on. The add-on prevents the Google Analytics JavaScript (ga.js, analytics.js, and dc.js) 
            from sharing information with Google Analytics about visits activity. For more information on the privacy practices of Google,
           please visit the Google Privacy & Terms web page: https://policies.google.com/privacy?hl=en
      </p>
    </div>
    <h4
      className="qLower"
    >
      1.3. Flash Cookies: 
    </h4>
    <div
      className="answer"
    >
      <p
        className="packed"
      >
        Certain features of our Service may use local stored objects (or Flash Cookies) to collect and store
             information about Your preferences or Your activity on our Service. Flash Cookies are not managed by the same browser 
             settings as those used for Browser Cookies. For more information on how You can delete Flash Cookies, please read “Where
            can I change the settings for disabling, or deleting local shared objects?”
      
      </p>
    </div>
    <h4
      className="qLower"
    >
      1.4. Web Beacons:
    </h4>
    <div
      className="answer"
    >
      <p
        className="answer"
      >
        Pages of our Websites or our emails may contain small electronic files known as web beacons 
        (also referred to as clear gifs, pixel tags and single-pixel gifs) that permit us, for example, 
        to count users who have visited those pages or opened an e-mail and for other related website statistics 
        (for example, recording the popularity of certain website content and verifying system and server integrity). 
        You are always free to block, delete, or disable these technologies if your browser, installed application, or device so permits.
         However, if you decline cookies or other similar technologies, you may not be able to take advantage of certain site features, 
         services, applications, or tools. You may also be required to re-enter your password more frequently during your browsing session.
          For more information on how you ice settings.can block, delete, or disable these technologies, please review your browser or dev
      </p>
      <p
        className="answer"
      >
        Other cookies are used in the process of showing you advertisements as our main revenue stream comes from advertisers.
      </p>
      <p
        className="answer"
      >
        Some of the cookies used on our Service may contain personal information in the form of a hashed value of your login information.
      </p>
      <p
        className="answer"
      >
         When you visit our Website, cookies are stored on your device.
      </p>
      <p
        className="answer"
      >
        The information collected by a cookie is sent back to the server of the user of that cookie each time the browser requests a page from our Service. This enables our Service to identify and track your device and the web browser you use.
      
      </p>
    </div>
    <h3
      className="question"
    >
       2. Other types of Cookies or third parties that install Cookies 
    </h3>
    <div
      className="answer"
    >
      <p
        className="answer"
      >
        Some of the services listed below collect statistics in an anonymized and aggregated for
        m. They may not require the consent of the User or may be managed directly by the Owner – depending on how they are described –
         without the help of third parties.
      </p>
      <p
        className="answer"
      >
        If any third party operated services are listed among the tools below,
     these may be used to track Users’ browsing habits. In other words in addition to the information specified herein
      and without the Owner’s knowledge. Please refer to the privacy policy of the listed services for detailed information.
      </p>
    </div>
    <h4
      className="qLower"
    >
      2.1. Google Analytics (Google Inc.)
    </h4>
    <div
      className="answer"
    >
      <p
        className="packed"
      >
        
        Analytics is a web analysis service provided by Google Inc. (“Google”).
         Google utilizes the Data collected to track and examine the use of this Website, 
         to prepare reports on its activities and share them with other Google services.
          It may use the Data collected to contextualize and personalize the ads of its own advertising network.
        
      </p>
      <p
        className="packed"
      >
        Personal Data collected: Cookies and Usage Data.
      </p>
    </div>
    <h4
      className="qLower"
    >
      2.2. Google Website Optimizer (Google Inc.)
    </h4>
    <div
      className="answer"
    >
      <p
        className="packed"
      >
         The Website Optimizer from Google is an A/B testing service provided by Google Inc.
      Google may use Personal Data to contextualize and personalize the ads of its own advertising network.
      </p>
      <p
        className="packed"
      >
         Personal Data collected: Cookies and Usage Data.
      </p>
    </div>
    <h4
      className="qLower"
    >
      2.3. YouTube video widget (Google Inc.)
    </h4>
    <div
      className="answer"
    >
      <p
        className="packed"
      >
        YouTube is a video content visualization service provided by Google Inc. 
      that allows this Website to incorporate content of this kind on its pages.

      </p>
      <p
        className="packed"
      >
        Personal Data collected: Cookies and Usage Data.
      </p>
    </div>
    <h3
      className="question"
    >
      3. Cookie preferences
    </h3>
    <div
      className="answer"
    >
      <p
        className="answer"
      >
        You can change your cookie settings at any time by following the instructions at the bottom of the page
       in the “Manage your cookies” section.
      </p>
      <p
        className="answer"
      >
        Cookies can be “Persistent” or “Session” Cookies.
         Persistent Cookies remain on Your personal computer or mobile device when You go offline, 
         while Session Cookies are deleted as soon as You close Your web browser.
      </p>
      <p
        className="answer"
      >
        We use both Session and Persistent Cookies for the purposes set out below:
      </p>
    </div>
    <h4
      className="qLower"
    >
      3.1. Necessary / Essential Cookies
    </h4>
    <div
      className="answer"
    >
      <p
        className="packed"
      >
        These cookies are necessary for the website to function and cannot be switched off in our systems. 
      They are usually only set in response to actions made by you which amount to a request for services, 
      such as setting your privacy preferences, logging in or filling in forms. 
      You can set your browser to block or alert you about these cookies, 
      but some parts of the site will not then work. These cookies do not store any personally identifiable information.
      </p>
      <p
        className="packed"
      >
        Type: Session Cookies
      </p>
      <p
        className="packed"
      >
        Administered by: Us
      </p>
      <p
        className="packed"
      >
        Purpose: These Cookies are essential to provide You with services available through the
       Website and to enable You to use some of its features.
       They help to authenticate users and prevent fraudulent use of user accounts. Without these Cookies, the 
        services that You have asked for cannot be provided,
       and We only use these Cookies to provide You with those services.
      </p>
    </div>
    <h4
      className="qLower"
    >
      3.2. Cookies Policy / Notice Acceptance Cookies
    </h4>
    <div
      className="answer"
    >
      <p
        className="packed"
      >
        Type: Persistent Cookies
      </p>
      <p
        className="packed"
      >
        Administered by: Us
      </p>
      <p
        className="packed"
      >
        Purpose: These Cookies identify if users have accepted the use of cookies on the Website.
      </p>
    </div>
    <h4
      className="qLower"
    >
      3.3. Functionality Cookies
    </h4>
    <div
      className="answer"
    >
      <p
        className="packed"
      >
        Type: Persistent Cookies
      </p>
      <p
        className="packed"
      >
        Administered by: Us
      </p>
      <p
        className="packed"
      >
        Purpose: These Cookies allow us to remember choices You make when You use the Website, such as
        remembering your login details or language preference.The purpose of these Cookies is to provide 
        You with a more personal experience and to avoid You having to re- enter your preferences every time You use the Website.
      </p>
    </div>
    <h3
      className="question"
    >
      4. Your Choices Regarding Cookies
    </h3>
    <div
      className="answer"
    >
      <p
        className="answer"
      >
        As we have explained above, cookies and similar tools help you to get the most out of our Websites.
       However, if you do wish to disable our cookies then please follow the instructions within the browser(s) that you use.
      </p>
      <p
        className="answer"
      >
        Please remember that if you do choose to disable cookies, you may find that certain sections of 
        our Website and other Applications will not work properly.
      </p>
    </div>
    <h3
      className="question"
    >
      5. Why do we use cookies
    </h3>
    <div
      className="answer"
    >
      <p
        className="answer"
      >
        We use cookies for a number of reasons.We use them to monitor what type of devices visit our Website,
        where they are coming from, what browser and version of browser is used, and for how long the device stays on our Website.
      </p>
      <p
        className="answer"
      >
        This information is used by us to improve our services and usability on our Website, however, we
        also use it to personalise your user experience and to investigate how our Website is explored and used.
      </p>
      <p
        className="answer"
      >
        There may also be third party cookies on our Website collecting data from your device that enables us to 
        show you customized advertisements.So - called behavioural advertising or retargeting.See more below.
      </p>
      <p
        className="answer"
      >
        We may also use advertising cookies to track a referral for which we receive payment.
      </p>
      <p
        className="answer"
      >
        Below you can find a more detailed list of the type of cookies to be found on our Website from time to time. 
        We may update the list without notice on a regular basis so please remember to revisit this page from time to time.
      </p>
    </div>
    <h3
      className="question"
    >
      6. Contact Us
    </h3>
    <p
      className="answer"
    >
      If you have any questions about this Cookies Policy, You can contact us at
      <a
        href="mailto:support@kreatesell.com"
        style={
          Object {
            "marginLeft": "3px",
          }
        }
      >
        support@kreatesell.com
      </a>
    </p>
  </div>
</section>
`;
