// Jest Snapshot v1, https://goo.gl/fbAQLP

exports[`renders a snapshot of payoutsColumns data 1`] = `
Array [
  Object {
    "dataIndex": "product_name",
    "title": "Product",
  },
  Object {
    "dataIndex": "customer_name",
    "title": "Customer Name",
  },
  Object {
    "dataIndex": "customer_email",
    "title": "Customer Email",
  },
  Object {
    "dataIndex": "amount",
    "render": [Function],
    "title": "Amount",
  },
  Object {
    "dataIndex": "transaction_date",
    "render": [Function],
    "title": "Transaction Date",
  },
  Object {
    "dataIndex": "settlement_date",
    "render": [Function],
    "title": "Settlement Date",
  },
]
`;
