// Jest Snapshot v1, https://goo.gl/fbAQLP

exports[`renders <StatsCard /> correctly in snapshot 1`] = `
<div
  className="container"
>
  <div
    className="midSection"
  >
    <div
      className="title"
    >
      <div
        className="userType"
      >
        mockName
      </div>
    </div>
    <div
      className="cardContainer"
    >
      <div
        className="firstCard"
      >
        <div
          className="iconCont"
        >
          <div
            className="icon"
          >
            <img
              src="[jest.find('../utils')]"
            />
          </div>
          <div
            className="countCont"
          >
            <div
              className="value"
            >
              90
            </div>
            <div
              className="valueText"
            >
              Total visits
            </div>
          </div>
        </div>
      </div>
      <div
        className="card"
      >
        <div
          className="iconCont"
        >
          <div
            className="icon"
          >
            <img
              src="[jest.find('../utils')]"
            />
          </div>
          <div
            className="countCont"
          >
            <div
              className="value"
            >
              mockImage
            </div>
            <div
              className="valueText"
            >
              Sales in Unit
            </div>
          </div>
        </div>
      </div>
      <div
        className="card"
      >
        <div
          className="iconCont"
        >
          <div
            className="icon"
          >
            <img
              src="[jest.find('../utils')]"
            />
          </div>
          <div
            className="countCont"
          >
            <div
              className="value"
            >
              mockImage
            </div>
            <div
              className="valueText"
            >
              Gross Sales
            </div>
          </div>
        </div>
      </div>
      <div
        className="card"
      >
        <div
          className="iconCont"
        >
          <div
            className="icon"
          >
            <img
              src="[jest.find('../utils')]"
            />
          </div>
          <div
            className="countCont"
          >
            <div
              className="value"
            />
            <div
              className="valueText"
            >
              Profit
            </div>
          </div>
        </div>
      </div>
    </div>
  </div>
</div>
`;
