// Jest Snapshot v1, https://goo.gl/fbAQLP

exports[`renders a snapshot of <Overview /> 1`] = `
<div
  className="overview__container"
>
  <section
    className="kreator__overview"
  >
    <div
      className="kreator__overview__title"
    >
      <h2
        className="ant-typography"
        onClick={null}
        style={
          Object {
            "WebkitLineClamp": undefined,
          }
        }
      >
        Kreator
      </h2>
    </div>
    <div
      className="kreator__overview__image"
    >
      <img
        src="[jest.find('../utils')]"
      />
    </div>
    <div
      className="kreator__overview__info"
    >
      <h3
        className="ant-typography"
        onClick={null}
        style={
          Object {
            "WebkitLineClamp": undefined,
          }
        }
      >
        Olumide John
      </h3>
      <a
        className="ant-typography"
        onClick={null}
        style={
          Object {
            "WebkitLineClamp": undefined,
          }
        }
      >
        Visit Store   
        <svg
          fill="none"
          height="1em"
          stroke="currentColor"
          strokeWidth="0"
          style={
            Object {
              "color": undefined,
            }
          }
          viewBox="0 0 24 24"
          width="1em"
          xmlns="http://www.w3.org/2000/svg"
        >
          <path
            d="M10 6H6a2 2 0 00-2 2v10a2 2 0 002 2h10a2 2 0 002-2v-4M14 4h6m0 0v6m0-6L10 14"
            strokeLinecap="round"
            strokeLinejoin="round"
            strokeWidth="2"
          />
        </svg>
      </a>
    </div>
    <div
      className="kreator__overview__text"
    >
      <p>
        Lorem ipsum dolor sit amet, consectetur adipiscing elit. Lectus feugiat turpis sed fusce in. Pulvinar id enim tellus pharetra diam ac. Bibendum in consectetur amet mi condimentum suspendisse. Pellentes integer aliquet congue at proin adipiscing aliquet. Neque, nunc arcu euismod eget proin est volutpat, vestibulum nibh.
         
      </p>
    </div>
  </section>
  <section
    className="product__overview"
  >
    <div
      className="product__overview__img"
    >
      <img
        src="[jest.find('../utils')]"
      />
    </div>
    <h2
      className="ant-typography"
      onClick={null}
      style={
        Object {
          "WebkitLineClamp": undefined,
        }
      }
    >
      The Land Of Hope
    </h2>
    <p>
      Lorem ipsum dolor sit amet, consectetur adipiscing elit. Lectus feugiat turpis sed fusce in. Pulvinar id enim tellus pharetra diam ac. Bibendum in consectetur amet mi condimentum suspendisse. Pellentes integer aliquet congue at proin adipiscing aliquet. Neque, nunc arcu euismod eget proin est volutpat, vestibulum nibh. Pharetra lectus semper tellus condimentum risus, tortor pulvinar nullam senectus. Dignissim malesuada eu, aliquam enim ultrices neque, eget nibh. At adipiscing congue bibendum at. Viverra justo, viverra dictum risus lacus nullam pharetra lacus. Aliquet feugiat magna proin elementum mauris. Duis vulputate ante magna tellus.
    </p>
    <div
      className="product__overview__stats"
    >
      <div>
        <p>
          <span
            className="ant-typography"
            onClick={null}
            style={
              Object {
                "WebkitLineClamp": undefined,
              }
            }
          >
            <strong>
              Sales Price:
            </strong>
          </span>
        </p>
        <p>
          <span
            className="ant-typography"
            onClick={null}
            style={
              Object {
                "WebkitLineClamp": undefined,
              }
            }
          >
            NGN 4,565.97
          </span>
        </p>
      </div>
      <div>
        <p>
          <span
            className="ant-typography"
            onClick={null}
            style={
              Object {
                "WebkitLineClamp": undefined,
              }
            }
          >
            <strong>
              Commission:
            </strong>
          </span>
        </p>
        <p>
          <span
            className="ant-typography"
            onClick={null}
            style={
              Object {
                "WebkitLineClamp": undefined,
              }
            }
          >
            NGN 234,533.33
          </span>
        </p>
      </div>
      <div>
        <p>
          <span
            className="ant-typography"
            onClick={null}
            style={
              Object {
                "WebkitLineClamp": undefined,
              }
            }
          >
            <strong>
              Commission (%):
            </strong>
          </span>
        </p>
        <p>
          <span
            className="ant-typography"
            onClick={null}
            style={
              Object {
                "WebkitLineClamp": undefined,
              }
            }
          >
            47%
          </span>
        </p>
      </div>
    </div>
  </section>
</div>
`;
