// Jest Snapshot v1, https://goo.gl/fbAQLP

exports[`renders a snapshot of <PayoutsFormWarning /> 1`] = `
<div
  className="form__warning"
>
  <p>
    <span
      className="ant-typography"
      onClick={null}
      style={
        Object {
          "WebkitLineClamp": undefined,
        }
      }
    >
      Please read carefully
    </span>
  </p>
  <p>
    <span
      className="ant-typography"
      onClick={null}
      style={
        Object {
          "WebkitLineClamp": undefined,
        }
      }
    >
      Make sure your account details are correct before proceeding.
    </span>
  </p>
  <p>
    <span
      className="ant-typography"
      onClick={null}
      style={
        Object {
          "WebkitLineClamp": undefined,
        }
      }
    >
      We will not be held liable for failed transactions resulting from incorrect bank details.
    </span>
  </p>
</div>
`;
