// Jest Snapshot v1, https://goo.gl/fbAQLP

exports[`renders a snapshot of <AbandonedCartsStats /> 1`] = `
<div
  className="ant-row"
  style={
    Object {
      "marginBottom": -16,
      "marginLeft": -14,
      "marginRight": -14,
      "marginTop": -16,
    }
  }
>
  <div
    className="ant-col ant-col-xs-24 ant-col-sm-12 ant-col-xl-8"
    style={
      Object {
        "paddingBottom": 16,
        "paddingLeft": 14,
        "paddingRight": 14,
        "paddingTop": 16,
      }
    }
  >
    <div
      className="ant-card ant-card-bordered card__wrapper"
    >
      <div
        className="ant-card-body"
        style={Object {}}
      >
        <div
          className="stats__content"
        >
          <div
            className="image__wrapper recovery__img"
          >
            <div
              className="image"
            >
              <img
                src="[jest.find('../utils')]"
              />
            </div>
          </div>
          <div
            className="stats"
          >
            <p>
              <span
                className="ant-typography"
                onClick={null}
                style={
                  Object {
                    "WebkitLineClamp": undefined,
                  }
                }
              >
                45
              </span>
            </p>
            <p>
              <span
                className="ant-typography"
                onClick={null}
                style={
                  Object {
                    "WebkitLineClamp": undefined,
                  }
                }
              >
                In Recovery
              </span>
            </p>
          </div>
        </div>
      </div>
    </div>
  </div>
  <div
    className="ant-col ant-col-xs-24 ant-col-sm-12 ant-col-xl-8"
    style={
      Object {
        "paddingBottom": 16,
        "paddingLeft": 14,
        "paddingRight": 14,
        "paddingTop": 16,
      }
    }
  >
    <div
      className="ant-card ant-card-bordered card__wrapper"
    >
      <div
        className="ant-card-body"
        style={Object {}}
      >
        <div
          className="stats__content"
        >
          <div
            className="image__wrapper abandoned__img"
          >
            <div
              className="image"
            >
              <img
                src="[jest.find('../utils')]"
              />
            </div>
          </div>
          <div
            className="stats"
          >
            <p>
              <span
                className="ant-typography"
                onClick={null}
                style={
                  Object {
                    "WebkitLineClamp": undefined,
                  }
                }
              >
                45,000
              </span>
            </p>
            <p>
              <span
                className="ant-typography"
                onClick={null}
                style={
                  Object {
                    "WebkitLineClamp": undefined,
                  }
                }
              >
                Abandoned
              </span>
            </p>
          </div>
        </div>
      </div>
    </div>
  </div>
  <div
    className="ant-col ant-col-xs-24 ant-col-sm-12 ant-col-xl-8"
    style={
      Object {
        "paddingBottom": 16,
        "paddingLeft": 14,
        "paddingRight": 14,
        "paddingTop": 16,
      }
    }
  >
    <div
      className="ant-card ant-card-bordered card__wrapper"
    >
      <div
        className="ant-card-body"
        style={Object {}}
      >
        <div
          className="stats__content"
        >
          <div
            className="image__wrapper recovered__img"
          >
            <div
              className="image"
            >
              <img
                src="[jest.find('../utils')]"
              />
            </div>
          </div>
          <div
            className="stats"
          >
            <p>
              <span
                className="ant-typography"
                onClick={null}
                style={
                  Object {
                    "WebkitLineClamp": undefined,
                  }
                }
              >
                22,500
              </span>
            </p>
            <p>
              <span
                className="ant-typography"
                onClick={null}
                style={
                  Object {
                    "WebkitLineClamp": undefined,
                  }
                }
              >
                Recovered
              </span>
            </p>
          </div>
        </div>
      </div>
    </div>
  </div>
</div>
`;
