// Jest Snapshot v1, https://goo.gl/fbAQLP

exports[`renders a snapshot of <CareerNavigationCard /> 1`] = `
<div
  className="navigationContainer"
>
  <div
    className="left"
  >
    <div
      className="top"
    >
      <div
        className="arrow"
        onClick={[Function]}
      >
        <img
          src="[jest.find('../utils')]"
        />
      </div>
      <h3
        className="heading"
      >
        IT
      </h3>
    </div>
    <div
      className="bottom"
    >
      <h2
        className="title"
      >
        Back-end developer
      </h2>
      <p
        className="description"
      >
        mock description
      </p>
    </div>
  </div>
  <div
    className="right"
  >
    <button
      className="
			actionBtn
			button
			false 
			btnBlue
			false
			"
      type="submit"
    >
      <div
        className="buttonValue"
      >
        Apply
      </div>
    </button>
  </div>
</div>
`;
