// Jest Snapshot v1, https://goo.gl/fbAQLP

exports[`renders a snapshot of <StatusButtons /> 1`] = `
<section
  className="status__btns__section"
>
  <div
    className="status__btns"
  >
    <div
      className="status__btn"
    >
      <button
        className="ant-btn"
        onClick={[Function]}
        type="button"
      >
        <span>
          All
        </span>
      </button>
    </div>
    <div
      className="status__btn"
    >
      <button
        className="ant-btn"
        onClick={[Function]}
        type="button"
      >
        <span>
          Pending
        </span>
      </button>
    </div>
    <div
      className="status__btn"
    >
      <button
        className="ant-btn"
        onClick={[Function]}
        type="button"
      >
        <span>
          Approved
        </span>
      </button>
    </div>
    <div
      className="status__btn"
    >
      <button
        className="ant-btn"
        onClick={[Function]}
        type="button"
      >
        <span>
          Declined
        </span>
      </button>
    </div>
  </div>
</section>
`;
