// Jest Snapshot v1, https://goo.gl/fbAQLP

exports[`renders a snapshot of <ChargeBackTable /> with mock props 1`] = `
<div
  className="tableContainer"
>
  <table
    className="table"
  >
    <thead>
      <tr>
        <th>
          Payment Reference
        </th>
        <th>
          Customer's Email
        </th>
        <th>
          Product 
        </th>
        <th>
          Amount
        </th>
        <th>
          Transaction Date
        </th>
        <th>
          Chargeback Due Date
        </th>
        <th>
          Status
        </th>
      </tr>
    </thead>
    <tbody
      className="t-body"
    >
      <tr>
        <td />
        <td>
          mockMail@x.com
        </td>
        <td />
        <td>
          <p
            className="price"
          >
            
          </p>
        </td>
        <td>
          20-01-2022
        </td>
        <td>
          20-01-2022
        </td>
        <td>
          <div
            className="pendingDiv"
          >
            Pending
          </div>
        </td>
      </tr>
      <tr>
        <td />
        <td>
          mocksMail@x.com
        </td>
        <td />
        <td>
          <p
            className="price"
          >
            
          </p>
        </td>
        <td>
          20-01-2022
        </td>
        <td>
          20-01-2022
        </td>
        <td>
          <div
            className="successDiv"
          >
            Won
          </div>
        </td>
      </tr>
      <tr>
        <td />
        <td>
          moc2kMail@x.com
        </td>
        <td />
        <td>
          <p
            className="price"
          >
            
          </p>
        </td>
        <td>
          20-01-2022
        </td>
        <td>
          20-01-2022
        </td>
        <td>
          <div
            className="pendingDiv"
          >
            Pending
          </div>
        </td>
      </tr>
    </tbody>
  </table>
</div>
`;
