// Jest Snapshot v1, https://goo.gl/fbAQLP

exports[`renders a snapshot of >RecentChargeBackTable /> 1`] = `
<div>
  <h4
    className="tableHeading"
  >
    Chargeback Requests
  </h4>
  <table
    className="table"
  >
    <thead
      className="tableHead"
    >
      <tr
        className="tableRow"
      >
        <th>
          Customer
        </th>
        <th>
          Due Date
        </th>
        <th>
          Status
        </th>
      </tr>
    </thead>
    <tbody
      className="tbody"
    />
  </table>
</div>
`;
