// Jest Snapshot v1, https://goo.gl/fbAQLP

exports[`renders a snapshot of <Password /> 1`] = `
<div
  className="wrapper"
>
  <div
    className="bordered"
  >
    <h4>
      Password
    </h4>
    <form
      className="ant-form ant-form-vertical"
      onReset={[Function]}
      onSubmit={[Function]}
    >
      <div
        className="ant-row ant-form-item"
        style={
          Object {
            "width": "600px",
          }
        }
      >
        <div
          className="ant-col ant-form-item-label"
          style={Object {}}
        >
          <label
            className=""
            title=""
          >
            <label
              className="label"
            >
              Current Password
               
              <span>
                - Enter current password to set a new password
              </span>
            </label>
          </label>
        </div>
        <div
          className="ant-col ant-form-item-control"
          style={Object {}}
        >
          <div
            className="ant-form-item-control-input"
          >
            <div
              className="ant-form-item-control-input-content"
            >
              <input
                className="ant-input ant-input-lg input"
                onBlur={[Function]}
                onChange={[Function]}
                onFocus={[Function]}
                onKeyDown={[Function]}
                placeholder="******"
                type="password"
                value=""
              />
            </div>
          </div>
        </div>
      </div>
      <div
        className="ant-row ant-form-item"
        style={
          Object {
            "width": "600px",
          }
        }
      >
        <div
          className="ant-col ant-form-item-label"
          style={Object {}}
        >
          <label
            className=""
            title=""
          >
            <label
              className="label"
            >
              New Password
               
              <span />
            </label>
          </label>
        </div>
        <div
          className="ant-col ant-form-item-control"
          style={Object {}}
        >
          <div
            className="ant-form-item-control-input"
          >
            <div
              className="ant-form-item-control-input-content"
            >
              <input
                className="ant-input ant-input-lg input"
                onBlur={[Function]}
                onChange={[Function]}
                onFocus={[Function]}
                onKeyDown={[Function]}
                placeholder="Choose new password"
                type="password"
                value=""
              />
            </div>
          </div>
        </div>
      </div>
      <div
        className="ant-row ant-form-item"
        style={
          Object {
            "width": "600px",
          }
        }
      >
        <div
          className="ant-col ant-form-item-label"
          style={Object {}}
        >
          <label
            className=""
            title=""
          >
            <label
              className="label"
            >
              Repeat Password
               
              <span />
            </label>
          </label>
        </div>
        <div
          className="ant-col ant-form-item-control"
          style={Object {}}
        >
          <div
            className="ant-form-item-control-input"
          >
            <div
              className="ant-form-item-control-input-content"
            >
              <input
                className="ant-input ant-input-lg input"
                onBlur={[Function]}
                onChange={[Function]}
                onFocus={[Function]}
                onKeyDown={[Function]}
                placeholder="Re-enter password"
                type="password"
                value=""
              />
            </div>
          </div>
        </div>
      </div>
      <button
        className="ant-btn ant-btn-primary btn"
        onClick={[Function]}
        type="button"
      >
        <span>
          Save Changes
        </span>
      </button>
    </form>
  </div>
</div>
`;
